durum: success · 2026-10-10T13:47:38Z · episodes/003_ajda_bardagi.json

== Fotoğraflar (Wikimedia Commons) ==
  seg 0: File:Turkish tea.jpg [CC BY 2.5]
  seg 1: File:Ajda Pekkan konser (1).JPG [CC BY-SA 3.0]
  seg 2: File:Çengelköy - panoramio (1).jpg [CC BY 3.0]
  seg 3: File:Beykoz-Öğümce.jpg [CC BY-SA 4.0]
  seg 4: File:Paşabahçe Cam Fabrikası, Paşabahçe, Beykoz, İstanbul 2024.jpg [CC BY 4.0]
  seg 5: File:Serving tea, Turkish style II.jpg [CC BY-SA 4.0]
  seg 6: File:Breakfast in Turkey.jpg [CC BY-SA 4.0]
  seg 7: File:Paşabahçe store at Atatürk Kültür Merkezi, Istanbul.jpg [CC BY-SA 4.0]
  seg 8: File:Turkish tea with sugar and spoon.jpg [CC BY 3.0]
Fotoğraflar tamam: 9 adet

== Seslendirme (Google TTS) ==
  seg 0: 7.4 sn
  seg 1: 4.9 sn
  seg 2: 4.4 sn
  seg 3: 5.0 sn
  seg 4: 3.6 sn
  seg 5: 5.9 sn
  seg 6: 8.3 sn
  seg 7: 5.3 sn
  seg 8: 10.4 sn
Seslendirme tamam: 9 segment, 59.3 sn, ses: tr-TR-Chirp3-HD-Sadachbia

== Video ==
kare 0/1777
kare 150/1777
kare 300/1777
kare 450/1777
kare 600/1777
kare 750/1777
kare 900/1777
kare 1050/1777
kare 1200/1777
kare 1350/1777
kare 1500/1777
kare 1650/1777
hazır: out/003_ajda_bardagi.mp4

Hazır: out/003_ajda_bardagi.mp4 ve out/003_ajda_bardagi_youtube.txt
To https://github.com/Mrc60/Claud-depo-
   2f6b332..7e97623  videolar -> videolar
